------------------------------------------------------------
Timing Analyzer Summary
------------------------------------------------------------

Type  : Slow 1100mV 85C Model Setup 'CLOCK_50'
Slack : -2.590
TNS   : -93.485

Type  : Slow 1100mV 85C Model Hold 'CLOCK_50'
Slack : 0.379
TNS   : 0.000

Type  : Slow 1100mV 85C Model Minimum Pulse Width 'CLOCK_50'
Slack : -0.394
TNS   : -20.850

Type  : Slow 1100mV 0C Model Setup 'CLOCK_50'
Slack : -2.552
TNS   : -92.428

Type  : Slow 1100mV 0C Model Hold 'CLOCK_50'
Slack : 0.381
TNS   : 0.000

Type  : Slow 1100mV 0C Model Minimum Pulse Width 'CLOCK_50'
Slack : -0.394
TNS   : -22.423

Type  : Fast 1100mV 85C Model Setup 'CLOCK_50'
Slack : -1.095
TNS   : -37.234

Type  : Fast 1100mV 85C Model Hold 'CLOCK_50'
Slack : 0.200
TNS   : 0.000

Type  : Fast 1100mV 85C Model Minimum Pulse Width 'CLOCK_50'
Slack : -0.094
TNS   : -3.550

Type  : Fast 1100mV 0C Model Setup 'CLOCK_50'
Slack : -0.935
TNS   : -31.528

Type  : Fast 1100mV 0C Model Hold 'CLOCK_50'
Slack : 0.189
TNS   : 0.000

Type  : Fast 1100mV 0C Model Minimum Pulse Width 'CLOCK_50'
Slack : -0.089
TNS   : -3.477

------------------------------------------------------------
