------------------------------------------------------------
Timing Analyzer Summary
------------------------------------------------------------

Type  : Slow 1100mV 85C Model Setup 'KEY[0]'
Slack : -0.230
TNS   : -0.491

Type  : Slow 1100mV 85C Model Hold 'KEY[0]'
Slack : 0.230
TNS   : 0.000

Type  : Slow 1100mV 85C Model Minimum Pulse Width 'KEY[0]'
Slack : -0.394
TNS   : -5.643

Type  : Slow 1100mV 0C Model Setup 'KEY[0]'
Slack : -0.269
TNS   : -0.562

Type  : Slow 1100mV 0C Model Hold 'KEY[0]'
Slack : 0.215
TNS   : 0.000

Type  : Slow 1100mV 0C Model Minimum Pulse Width 'KEY[0]'
Slack : -0.394
TNS   : -5.165

Type  : Fast 1100mV 85C Model Setup 'KEY[0]'
Slack : 0.298
TNS   : 0.000

Type  : Fast 1100mV 85C Model Hold 'KEY[0]'
Slack : 0.132
TNS   : 0.000

Type  : Fast 1100mV 85C Model Minimum Pulse Width 'KEY[0]'
Slack : -0.342
TNS   : -2.924

Type  : Fast 1100mV 0C Model Setup 'KEY[0]'
Slack : 0.322
TNS   : 0.000

Type  : Fast 1100mV 0C Model Hold 'KEY[0]'
Slack : 0.123
TNS   : 0.000

Type  : Fast 1100mV 0C Model Minimum Pulse Width 'KEY[0]'
Slack : -0.323
TNS   : -2.753

------------------------------------------------------------
