------------------------------------------------------------
Timing Analyzer Summary
------------------------------------------------------------

Type  : Slow 1100mV 85C Model Setup 'KEY[0]'
Slack : -0.220
TNS   : -0.700

Type  : Slow 1100mV 85C Model Hold 'KEY[0]'
Slack : 0.328
TNS   : 0.000

Type  : Slow 1100mV 85C Model Minimum Pulse Width 'KEY[0]'
Slack : -0.394
TNS   : -6.263

Type  : Slow 1100mV 0C Model Setup 'KEY[0]'
Slack : -0.259
TNS   : -0.630

Type  : Slow 1100mV 0C Model Hold 'KEY[0]'
Slack : 0.316
TNS   : 0.000

Type  : Slow 1100mV 0C Model Minimum Pulse Width 'KEY[0]'
Slack : -0.394
TNS   : -5.796

Type  : Fast 1100mV 85C Model Setup 'KEY[0]'
Slack : 0.285
TNS   : 0.000

Type  : Fast 1100mV 85C Model Hold 'KEY[0]'
Slack : 0.177
TNS   : 0.000

Type  : Fast 1100mV 85C Model Minimum Pulse Width 'KEY[0]'
Slack : -0.342
TNS   : -3.265

Type  : Fast 1100mV 0C Model Setup 'KEY[0]'
Slack : 0.332
TNS   : 0.000

Type  : Fast 1100mV 0C Model Hold 'KEY[0]'
Slack : 0.163
TNS   : 0.000

Type  : Fast 1100mV 0C Model Minimum Pulse Width 'KEY[0]'
Slack : -0.320
TNS   : -3.046

------------------------------------------------------------
