------------------------------------------------------------
Timing Analyzer Summary
------------------------------------------------------------

Type  : Slow 1100mV 85C Model Setup 'CLOCK_50'
Slack : -2.430
TNS   : -85.197

Type  : Slow 1100mV 85C Model Hold 'CLOCK_50'
Slack : 0.383
TNS   : 0.000

Type  : Slow 1100mV 85C Model Minimum Pulse Width 'CLOCK_50'
Slack : -0.394
TNS   : -20.271

Type  : Slow 1100mV 0C Model Setup 'CLOCK_50'
Slack : -2.372
TNS   : -84.060

Type  : Slow 1100mV 0C Model Hold 'CLOCK_50'
Slack : 0.381
TNS   : 0.000

Type  : Slow 1100mV 0C Model Minimum Pulse Width 'CLOCK_50'
Slack : -0.394
TNS   : -21.926

Type  : Fast 1100mV 85C Model Setup 'CLOCK_50'
Slack : -1.016
TNS   : -33.094

Type  : Fast 1100mV 85C Model Hold 'CLOCK_50'
Slack : 0.202
TNS   : 0.000

Type  : Fast 1100mV 85C Model Minimum Pulse Width 'CLOCK_50'
Slack : -0.093
TNS   : -3.441

Type  : Fast 1100mV 0C Model Setup 'CLOCK_50'
Slack : -0.851
TNS   : -27.580

Type  : Fast 1100mV 0C Model Hold 'CLOCK_50'
Slack : 0.191
TNS   : 0.000

Type  : Fast 1100mV 0C Model Minimum Pulse Width 'CLOCK_50'
Slack : -0.088
TNS   : -3.360

------------------------------------------------------------
